// Jest Snapshot v1, https://goo.gl/fbAQLP

exports[`should render edit expense page 1`] = `
<div>
  <ExpenseForm
    expense={
      Object {
        "amount": 300,
        "createdAt": 345600000,
        "description": "apex legends",
        "id": "3a",
        "note": "just some apex",
      }
    }
    onSubmit={[Function]}
  />
  <button
    onClick={[Function]}
  >
    Remove
  </button>
</div>
`;
